[demos.flatsome.com/demos/shop-demos/fullscreen-fashion/index.html]
[backblue.gif]
[fade.gif]
[index.html]
[demos.flatsome.com/wp-content/uploads/2016/08/babe2-1000x509.jpg]
[demos.flatsome.com/wp-content/themes/flatsome/assets/js/flatsome8489.js]
[demos.flatsome.com/wp-content/themes/flatsome/assets/js/chunk.sliderc0e7.js]
[demos.flatsome.com/wp-content/themes/flatsome/assets/js/chunk.popupsc0e7.js]
[demos.flatsome.com/wp-content/themes/flatsome/assets/js/chunk.tooltipsc0e7.js]
[demos.flatsome.com/wp-content/themes/flatsome/assets/js/woocommercefa29.js]
[demos.flatsome.com/wp-content/cache/min/1/wp-content/themes/flatsome/inc/integrations/wc-yith-wishlist/wishlist353c.css]
[demos.flatsome.com/wp-content/cache/min/1/wp-content/themes/flatsome/assets/css/flatsome353c.css]
[demos.flatsome.com/wp-content/cache/min/1/wp-content/themes/flatsome/assets/css/flatsome-shop353c.css]
[demos.flatsome.com/wp-includes/js/jquery/jquery.minf43b.js]
[demos.flatsome.com/wp-content/plugins/woocommerce/assets/js/jquery-blockui/jquery.blockUI.mine9e1.js]
[demos.flatsome.com/wp-content/plugins/woocommerce/assets/js/frontend/add-to-cart.min8257.js]
[demos.flatsome.com/wp-content/plugins/woocommerce/assets/js/js-cookie/js.cookie.min7578.js]
[demos.flatsome.com/wp-content/uploads/2016/04/cropped-logo_example-280x280.png]
[demos.flatsome.com/wp-content/themes/flatsome/assets/img/logo.png]
[demos.flatsome.com/wp-content/uploads/2016/09/logo-light.png]
[demos.flatsome.com/wp-content/cache/min/1/wp-content/plugins/woocommerce/assets/client/blocks/wc-blocks353c.css]
[demos.flatsome.com/wp-content/cache/min/1/wp-content/plugins/contact-form-7/includes/css/styles353c.css]
[demos.flatsome.com/wp-content/plugins/woocommerce/assets/js/frontend/woocommerce.min8257.js]
[demos.flatsome.com/wp-content/plugins/woocommerce/assets/js/sourcebuster/sourcebuster.min8257.js]
[demos.flatsome.com/wp-content/plugins/woocommerce/assets/js/frontend/order-attribution.min8257.js]
[demos.flatsome.com/wp-includes/js/hoverIntent.min3e5a.js]
[demos.flatsome.com/wp-content/cache/min/1/wp-content/themes/flatsome/assets/js/flatsome353c.js]
[demos.flatsome.com/wp-content/cache/min/1/wp-content/themes/flatsome/inc/integrations/wc-yith-wishlist/wishlist353c.js]
[demos.flatsome.com/demos/shop-demos/fullscreen-fashion/index62c6.html]
[demos.flatsome.com/wp-content/cache/min/1/wp-content/themes/flatsome/inc/extensions/flatsome-live-search/flatsome-live-search353c.js]
[demos.flatsome.com/demos/shop-demos/fullscreen-fashion/index610e.html]
[demos.flatsome.com/wp-content/cache/min/1/wp-content/themes/flatsome/inc/extensions/flatsome-lazy-load/flatsome-lazy-load353c.js]
[demos.flatsome.com/demos/shop-demos/fullscreen-fashion/index08d9.html]
[demos.flatsome.com/wp-content/cache/min/1/wp-content/themes/flatsome/assets/js/woocommerce353c.js]
[demos.flatsome.com/wp-content/plugins/woocommerce/assets/js/frontend/cart-fragments.min8257.js]
[demos.flatsome.com/wp-content/themes/flatsome/assets/libs/packery.pkgd.minc0e7.js]
[demos.flatsome.com/wp-content/plugins/yith-woocommerce-wishlist/assets/js/jquery.selectBox.min7359.js]
[demos.flatsome.com/demos/shop-demos/fullscreen-fashion/indexebd2.html]
[demos.flatsome.com/demos/shop-demos/fullscreen-fashion/index375e.html]
[demos.flatsome.com/demos/shop-demos/fullscreen-fashion/indexbd2f.html]
[demos.flatsome.com/wp-content/plugins/woocommerce/assets/js/prettyPhoto/jquery.prettyPhoto.min005e.js]
[demos.flatsome.com/demos/shop-demos/fullscreen-fashion/index52b6.html]
[demos.flatsome.com/wp-content/plugins/yith-woocommerce-wishlist/assets/js/jquery.yith-wcwl.mind341.js]
[demos.flatsome.com/wp-includes/js/underscore.mind584.js]
[demos.flatsome.com/demos/shop-demos/fullscreen-fashion/indexafff.html]
[demos.flatsome.com/wp-includes/js/wp-util.minadc6.js]
[demos.flatsome.com/wp-content/plugins/woocommerce/assets/js/frontend/add-to-cart-variation.min8257.js]
[demos.flatsome.com/wp-content/cache/min/1/wp-content/plugins/contact-form-7/includes/swv/js/index353c.js]
[demos.flatsome.com/wp-content/cache/min/1/wp-content/plugins/contact-form-7/includes/js/index353c.js]
[demos.flatsome.com/wp-includes/js/zxcvbn-async.min5152.js]
[demos.flatsome.com/wp-includes/js/dist/vendor/wp-polyfill-inert.min0226.js]
[demos.flatsome.com/wp-includes/js/dist/vendor/regenerator-runtime.min6c85.js]
[demos.flatsome.com/wp-includes/js/dist/vendor/wp-polyfill.min2c7c.js]
[demos.flatsome.com/wp-includes/js/dist/hooks.min2757.js]
[demos.flatsome.com/wp-includes/js/dist/i18n.minc33c.js]
[demos.flatsome.com/wp-admin/js/password-strength-meter.minadc6.js]
[demos.flatsome.com/wp-content/plugins/woocommerce/assets/js/frontend/password-strength-meter.min8257.js]
[www.google-analytics.com/analytics.js]
[demos.flatsome.com/wp-content/uploads/2013/08/classic-shop-400x332.jpg]
[demos.flatsome.com/wp-content/uploads/2016/02/cute-shop-hmp-400x329.jpg]
[demos.flatsome.com/wp-content/uploads/2015/11/parallax-shop-400x336.jpg]
[demos.flatsome.com/wp-content/uploads/2016/07/big-sale-400x336.jpg]
[demos.flatsome.com/wp-content/uploads/2015/11/full-screen-fashion-400x332.jpg]
[demos.flatsome.com/wp-content/uploads/2013/12/grid-style-1-400x351.jpg]
[demos.flatsome.com/wp-content/uploads/2013/08/grid-style-2-400x341.jpg]
[demos.flatsome.com/wp-content/uploads/2016/07/grid-style-3-hmp-400x341.jpg]
[demos.flatsome.com/wp-content/uploads/2015/11/mega-shop-400x332.jpg]
[demos.flatsome.com/wp-content/uploads/2016/04/sale-countdown-400x336.jpg]
[demos.flatsome.com/wp-content/uploads/2013/08/simple-slider-400x336.jpg]
[demos.flatsome.com/wp-content/uploads/2016/08/slider-cover-400x302.jpg]
[demos.flatsome.com/wp-content/uploads/2016/02/sport-shop-400x336.jpg]
[demos.flatsome.com/wp-content/uploads/2016/04/vendor-shop-hmp-400x333.jpg]
[demos.flatsome.com/wp-content/uploads/2016/08/video-cover-400x308.jpg]
[demos.flatsome.com/wp-content/uploads/2016/02/corporate-400x301.jpg]
[demos.flatsome.com/wp-content/uploads/2016/07/freelancer-400x276.jpg]
[demos.flatsome.com/wp-content/uploads/2015/11/agency-400x336.jpg]
[demos.flatsome.com/wp-content/uploads/2016/04/go-explore-400x296.jpg]
[demos.flatsome.com/wp-content/uploads/2015/11/coming-soon-400x309.jpg]
[demos.flatsome.com/wp-content/uploads/2015/11/coming-soon-1-400x309.jpg]
[demos.flatsome.com/demos/shop-demos/fullscreen-fashion/index.html]
[demos.flatsome.com/wp-content/cache/min/1/wp-content/themes/flatsome/inc/integrations/wc-yith-wishlist/wishlist353c.css]
[demos.flatsome.com/wp-content/themes/flatsome/assets/img/shadow@2x.png]
[demos.flatsome.com/wp-content/themes/flatsome/assets/img/underline.png]
[demos.flatsome.com/wp-content/cache/min/1/wp-content/themes/flatsome/assets/css/flatsome353c.css]
[demos.flatsome.com/wp-content/cache/min/1/wp-content/themes/flatsome/assets/css/flatsome-shop353c.css]
[demos.flatsome.com/wp-content/themes/flatsome/inc/integrations/wc-yith-wishlist/wishlistc0e7.css]
[demos.flatsome.com/wp-content/themes/flatsome/assets/css/flatsomec0e7.css]
[demos.flatsome.com/wp-content/themes/flatsome/assets/css/flatsome-shopc0e7.css]
[demos.flatsome.com/wp-content/plugins/woocommerce/assets/client/blocks/wc-blocksaf6a.css]
[demos.flatsome.com/wp-content/plugins/contact-form-7/includes/css/stylesa950.css]
[demos.flatsome.com/wp-content/themes/flatsome/inc/integrations/wc-yith-wishlist/wishlistc0e7.js]
[demos.flatsome.com/wp-content/themes/flatsome/inc/extensions/flatsome-live-search/flatsome-live-searchc0e7.js]
[demos.flatsome.com/wp-content/themes/flatsome/inc/extensions/flatsome-lazy-load/flatsome-lazy-loadc0e7.js]
[demos.flatsome.com/wp-content/plugins/contact-form-7/includes/swv/js/indexa950.js]
[demos.flatsome.com/demos/shop-demos/fullscreen-fashion/index62c6.html]
[demos.flatsome.com/demos/shop-demos/fullscreen-fashion/index610e.html]
[demos.flatsome.com/demos/shop-demos/fullscreen-fashion/index08d9.html]
[demos.flatsome.com/demos/shop-demos/fullscreen-fashion/indexebd2.html]
[demos.flatsome.com/wp-content/plugins/contact-form-7/includes/js/indexa950.js]
[demos.flatsome.com/demos/shop-demos/fullscreen-fashion/index375e.html]
[demos.flatsome.com/demos/shop-demos/fullscreen-fashion/index52b6.html]
[demos.flatsome.com/demos/shop-demos/fullscreen-fashion/indexbd2f.html]
[demos.flatsome.com/demos/shop-demos/fullscreen-fashion/indexafff.html]
[demos.flatsome.com/wp-content/cache/min/1/wp-content/plugins/woocommerce/assets/client/blocks/wc-blocks353c.css]
[demos.flatsome.com/wp-content/cache/min/1/wp-content/plugins/contact-form-7/includes/css/styles353c.css]
[demos.flatsome.com/wp-content/themes/flatsome/inc/integrations/wc-yith-wishlist/wishlistc0e7.css]
[demos.flatsome.com/wp-content/themes/flatsome/assets/css/flatsomec0e7.css]
[demos.flatsome.com/wp-content/themes/flatsome/assets/css/flatsome-shopc0e7.css]
[demos.flatsome.com/wp-content/plugins/woocommerce/assets/client/blocks/wc-blocksaf6a.css]
[demos.flatsome.com/wp-content/plugins/contact-form-7/includes/css/stylesa950.css]
